[html.kodesolution.com/2023/hoexr-html/index-1-single.html]
[backblue.gif]
[fade.gif]
[index.html]
[html.kodesolution.com/2023/hoexr-html/css/bootstrap.min.css]
[html.kodesolution.com/2023/hoexr-html/css/flatpickr.min.css]
[html.kodesolution.com/2023/hoexr-html/css/style.css]
[html.kodesolution.com/2023/hoexr-html/css/slick-theme.css]
[html.kodesolution.com/2023/hoexr-html/css/slick.css]
[html.kodesolution.com/2023/hoexr-html/images/favicon.png]
[html.kodesolution.com/2023/hoexr-html/index.html]
[html.kodesolution.com/2023/hoexr-html/images/logo-v4-black.png]
[html.kodesolution.com/2023/hoexr-html/page-contact.html]
[html.kodesolution.com/2023/hoexr-html/images/logo-2.png]
[html.kodesolution.com/2023/hoexr-html/images/banner/banner-1.jpg]
[html.kodesolution.com/2023/hoexr-html/page-about.html]
[html.kodesolution.com/2023/hoexr-html/images/resource/about1-1.jpg]
[html.kodesolution.com/2023/hoexr-html/images/resource/about1-2.jpg]
[html.kodesolution.com/2023/hoexr-html/images/resource/icon-1.png]
[html.kodesolution.com/2023/hoexr-html/images/resource/icon-6.png]
[html.kodesolution.com/2023/hoexr-html/images/resource/room-1.jpg]
[html.kodesolution.com/2023/hoexr-html/room-details.html]
[html.kodesolution.com/2023/hoexr-html/images/resource/room-2.jpg]
[html.kodesolution.com/2023/hoexr-html/images/resource/room-3.jpg]
[html.kodesolution.com/2023/hoexr-html/images/resource/room-4.jpg]
[html.kodesolution.com/2023/hoexr-html/images/resource/room-5.jpg]
[html.kodesolution.com/2023/hoexr-html/page-service-details.html]
[html.kodesolution.com/2023/hoexr-html/images/background/1.jpg]
[html.kodesolution.com/2023/hoexr-html/images/icons/play.png]
[html.kodesolution.com/2023/hoexr-html/images/resource/feature-1.jpg]
[html.kodesolution.com/2023/hoexr-html/images/resource/icon.png]
[html.kodesolution.com/2023/hoexr-html/images/resource/icon-2.png]
[html.kodesolution.com/2023/hoexr-html/images/resource/feature-2.jpg]
[html.kodesolution.com/2023/hoexr-html/images/resource/feature-3.jpg]
[html.kodesolution.com/2023/hoexr-html/images/resource/icon-3.png]
[html.kodesolution.com/2023/hoexr-html/images/background/testi-bg.jpg]
[html.kodesolution.com/2023/hoexr-html/images/resource/testi-1.jpg]
[html.kodesolution.com/2023/hoexr-html/images/resource/comas.png]
[html.kodesolution.com/2023/hoexr-html/page-pricing.html]
[html.kodesolution.com/2023/hoexr-html/images/resource/pricing1-1.png]
[html.kodesolution.com/2023/hoexr-html/images/resource/pricing1-2.png]
[html.kodesolution.com/2023/hoexr-html/images/resource/pricing1-3.png]
[html.kodesolution.com/2023/hoexr-html/images/resource/pricing1-4.png]
[html.kodesolution.com/2023/hoexr-html/images/resource/pricing1-5.png]
[html.kodesolution.com/2023/hoexr-html/images/resource/pricing1-6.png]
[html.kodesolution.com/2023/hoexr-html/images/resource/pricing1-7.png]
[html.kodesolution.com/2023/hoexr-html/images/resource/pricing1-8.png]
[html.kodesolution.com/2023/hoexr-html/page-team-details.html]
[html.kodesolution.com/2023/hoexr-html/images/resource/team-1.jpg]
[html.kodesolution.com/2023/hoexr-html/images/resource/team-2.jpg]
[html.kodesolution.com/2023/hoexr-html/images/resource/team-3.jpg]
[html.kodesolution.com/2023/hoexr-html/images/resource/team-4.jpg]
[html.kodesolution.com/2023/hoexr-html/images/icons/mail.png]
[html.kodesolution.com/2023/hoexr-html/news-details.html]
[html.kodesolution.com/2023/hoexr-html/images/resource/news-1.jpg]
[html.kodesolution.com/2023/hoexr-html/images/resource/news-2.jpg]
[html.kodesolution.com/2023/hoexr-html/images/resource/news-3.jpg]
[html.kodesolution.com/cdn-cgi/scripts/5c5dd728/cloudflare-static/email-decode.min.js]
[html.kodesolution.com/2023/hoexr-html/js/jquery.js]
[html.kodesolution.com/2023/hoexr-html/js/popper.min.js]
[html.kodesolution.com/2023/hoexr-html/js/bootstrap.min.js]
[html.kodesolution.com/2023/hoexr-html/js/slick.min.js]
[html.kodesolution.com/2023/hoexr-html/js/slick-animation.min.js]
[html.kodesolution.com/2023/hoexr-html/js/jquery.fancybox.js]
[html.kodesolution.com/2023/hoexr-html/js/wow.js]
[html.kodesolution.com/2023/hoexr-html/js/appear.js]
[html.kodesolution.com/2023/hoexr-html/js/flatpickr.js]
[html.kodesolution.com/2023/hoexr-html/js/swiper.min.js]
[html.kodesolution.com/2023/hoexr-html/index-1-single.html]
[html.kodesolution.com/2023/hoexr-html/css/bootstrap.min.css]
[html.kodesolution.com/2023/hoexr-html/css/flatpickr.min.css]
[html.kodesolution.com/2023/hoexr-html/js/script.js]
[html.kodesolution.com/2023/hoexr-html/css/animate.css]
[html.kodesolution.com/2023/hoexr-html/css/owl.css]
[html.kodesolution.com/2023/hoexr-html/css/swiper.min.css]
[html.kodesolution.com/2023/hoexr-html/css/jquery.fancybox.min.css]
[html.kodesolution.com/2023/hoexr-html/css/linear.css]
[html.kodesolution.com/2023/hoexr-html/css/fontawesome.css]
[html.kodesolution.com/2023/hoexr-html/css/flaticon.css]
[html.kodesolution.com/2023/hoexr-html/css/tm-bs-mp.css]
[html.kodesolution.com/2023/hoexr-html/css/tm-utility-classes.css]
[html.kodesolution.com/2023/hoexr-html/images/logo.png]
[html.kodesolution.com/2023/hoexr-html/images/icons/pattern-1.png]
[html.kodesolution.com/2023/hoexr-html/images/icons/before.png]
[html.kodesolution.com/2023/hoexr-html/images/resource/title-image.png]
[html.kodesolution.com/2023/hoexr-html/images/background/pattern.png]
[html.kodesolution.com/2023/hoexr-html/images/background/home.png]
[html.kodesolution.com/2023/hoexr-html/images/icons/shape-1.png]
[html.kodesolution.com/2023/hoexr-html/images/resource/pattern1.png]
[html.kodesolution.com/2023/hoexr-html/images/background/service-six-bg.jpg]
[html.kodesolution.com/2023/hoexr-html/images/icons/before-white.png]
[html.kodesolution.com/2023/hoexr-html/images/icons/bg-shape.png]
[html.kodesolution.com/2023/hoexr-html/images/resource/pattern-4.png]
[html.kodesolution.com/2023/hoexr-html/images/resource/pattern3.png]
[html.kodesolution.com/2023/hoexr-html/images/background/bg-booking.jpg]
[html.kodesolution.com/2023/hoexr-html/images/bk-shape.png]
[html.kodesolution.com/2023/hoexr-html/images/icons/doted-1.png]
[html.kodesolution.com/2023/hoexr-html/images/icons/footer-bg-1.png]
[html.kodesolution.com/2023/hoexr-html/images/icons/footer-bg-2.png]
[html.kodesolution.com/2023/hoexr-html/images/icons/footer-bg-3.png]
[html.kodesolution.com/2023/hoexr-html/images/icons/footer-bg-4.png]
[html.kodesolution.com/2023/hoexr-html/images/icons/footer-bg-5.png]
[html.kodesolution.com/2023/hoexr-html/images/icons/footer-bg-6.png]
[html.kodesolution.com/2023/hoexr-html/images/icons/footer-bg-7.png]
[html.kodesolution.com/2023/hoexr-html/images/icons/footer-bg-8.png]
[html.kodesolution.com/2023/hoexr-html/images/icons/footer-bg-9.png]
[html.kodesolution.com/2023/hoexr-html/images/icons/footer-bg-10.png]
[html.kodesolution.com/2023/hoexr-html/images/icons/footer-bg-11.png]
[html.kodesolution.com/2023/hoexr-html/images/icons/pattern-7.png]
[html.kodesolution.com/2023/hoexr-html/images/icons/pattern-3.png]
[html.kodesolution.com/2023/hoexr-html/images/icons/cat-1-bg.png]
[html.kodesolution.com/2023/hoexr-html/images/icons/cat-2-bg.png]
[html.kodesolution.com/2023/hoexr-html/images/icons/cat-3-bg.png]
[html.kodesolution.com/2023/hoexr-html/images/icons/cat-4-bg.png]
[html.kodesolution.com/2023/hoexr-html/images/icons/pattern-8.png]
[html.kodesolution.com/2023/hoexr-html/images/icons/shape-7.png]
[html.kodesolution.com/2023/hoexr-html/css/style.css]
[html.kodesolution.com/2023/hoexr-html/css/slick-theme.css]
[html.kodesolution.com/2023/hoexr-html/css/slick.css]
[html.kodesolution.com/2023/hoexr-html/index-2.html]
[html.kodesolution.com/2023/hoexr-html/index-3.html]
[html.kodesolution.com/2023/hoexr-html/index-4.html]
[html.kodesolution.com/2023/hoexr-html/index-5.html]
[html.kodesolution.com/2023/hoexr-html/index-2-single.html]
[html.kodesolution.com/2023/hoexr-html/index-3-single.html]
[html.kodesolution.com/2023/hoexr-html/index-4-single.html]
[html.kodesolution.com/2023/hoexr-html/index-5-single.html]
[html.kodesolution.com/2023/hoexr-html/index-1-dark.html]
[html.kodesolution.com/2023/hoexr-html/index-2-dark.html]
[html.kodesolution.com/2023/hoexr-html/index-3-dark.html]
[html.kodesolution.com/2023/hoexr-html/index-4-dark.html]
[html.kodesolution.com/2023/hoexr-html/index-5-dark.html]
[html.kodesolution.com/2023/hoexr-html/index-1-rtl.html]
[html.kodesolution.com/2023/hoexr-html/page-rooms.html]
[html.kodesolution.com/2023/hoexr-html/page-rooms-suite.html]
[html.kodesolution.com/2023/hoexr-html/page-faq.html]
[html.kodesolution.com/2023/hoexr-html/page-testimonial.html]
[html.kodesolution.com/2023/hoexr-html/page-404.html]
[html.kodesolution.com/2023/hoexr-html/page-team.html]
[html.kodesolution.com/2023/hoexr-html/shop-products.html]
[html.kodesolution.com/2023/hoexr-html/shop-products-sidebar.html]
[html.kodesolution.com/2023/hoexr-html/shop-product-details.html]
[html.kodesolution.com/2023/hoexr-html/shop-cart.html]
[html.kodesolution.com/2023/hoexr-html/shop-checkout.html]
[html.kodesolution.com/2023/hoexr-html/elements.html]
[html.kodesolution.com/2023/hoexr-html/news-grid.html]
[html.kodesolution.com/2023/hoexr-html/images/logo-v5-black.png]
[html.kodesolution.com/2023/hoexr-html/images/resource/exp-icon.png]
[html.kodesolution.com/2023/hoexr-html/index.html]
[html.kodesolution.com/2023/hoexr-html/js/mixitup.js]
[html.kodesolution.com/2023/hoexr-html/images/icons/search.png]
[html.kodesolution.com/2023/hoexr-html/images/background/page-title-bg.png]
[html.kodesolution.com/2023/hoexr-html/js/jquery-ui.js]
[html.kodesolution.com/2023/hoexr-html/js/owl.js]
[html.kodesolution.com/2023/hoexr-html/js/jquery.validate.min.js]
[html.kodesolution.com/2023/hoexr-html/page-contact.html]
[html.kodesolution.com/2023/hoexr-html/js/jquery.form.min.js]
[html.kodesolution.com/2023/hoexr-html/images/resource/food-1.jpg]
[html.kodesolution.com/2023/hoexr-html/images/resource/food-list.jpg]
[html.kodesolution.com/2023/hoexr-html/images/resource/food-list-2.jpg]
[html.kodesolution.com/2023/hoexr-html/images/background/3.jpg]
[html.kodesolution.com/2023/hoexr-html/images/resource/client.jpg]
[html.kodesolution.com/2023/hoexr-html/images/resource/client-2.jpg]
[html.kodesolution.com/2023/hoexr-html/images/resource/client-3.jpg]
[html.kodesolution.com/2023/hoexr-html/page-about.html]
[html.kodesolution.com/2023/hoexr-html/images/resource/room-6.jpg]
[html.kodesolution.com/2023/hoexr-html/images/resource/news-info-1.jpg]
[html.kodesolution.com/2023/hoexr-html/images/resource/news-info-2.jpg]
[html.kodesolution.com/2023/hoexr-html/room-details.html]
[html.kodesolution.com/2023/hoexr-html/js/bxslider.js]
[html.kodesolution.com/2023/hoexr-html/images/resource/service-details.jpg]
[html.kodesolution.com/2023/hoexr-html/images/resource/service-d1.jpg]
[html.kodesolution.com/2023/hoexr-html/images/resource/service-d2.jpg]
[html.kodesolution.com/2023/hoexr-html/js/select2.min.js]
[html.kodesolution.com/2023/hoexr-html/page-service-details.html]
[html.kodesolution.com/2023/hoexr-html/images/resource/pricing2-1.jpg]
[html.kodesolution.com/2023/hoexr-html/images/resource/pricing2-2.jpg]
[html.kodesolution.com/2023/hoexr-html/page-pricing.html]
[html.kodesolution.com/2023/hoexr-html/images/resource/team-details.jpg]
[html.kodesolution.com/2023/hoexr-html/page-team-details.html]
[html.kodesolution.com/2023/hoexr-html/images/resource/news-details.jpg]
[html.kodesolution.com/2023/hoexr-html/news-details.html]
[html.kodesolution.com/2023/hoexr-html/css/animate.css]
[html.kodesolution.com/2023/hoexr-html/css/owl.video.play.png]
[html.kodesolution.com/2023/hoexr-html/css/owl.css]
[html.kodesolution.com/2023/hoexr-html/css/swiper.min.css]
[html.kodesolution.com/2023/hoexr-html/css/jquery.fancybox.min.css]
[html.kodesolution.com/2023/hoexr-html/fonts/linearicons-free8429.eot]
[html.kodesolution.com/2023/hoexr-html/fonts/linearicons-free8429.ttf]
[html.kodesolution.com/2023/hoexr-html/fonts/linearicons-free8429.woff]
[html.kodesolution.com/2023/hoexr-html/css/linear.css]
[html.kodesolution.com/2023/hoexr-html/fonts/linearicons-free8429.svg]
[html.kodesolution.com/2023/hoexr-html/fonts/fa-brands-400.woff2]
[html.kodesolution.com/2023/hoexr-html/fonts/fa-brands-400.woff]
[html.kodesolution.com/2023/hoexr-html/fonts/fa-brands-400.ttf]
[html.kodesolution.com/2023/hoexr-html/fonts/fa-duotone-900.woff2]
[html.kodesolution.com/2023/hoexr-html/fonts/fa-duotone-900.woff]
[html.kodesolution.com/2023/hoexr-html/fonts/fa-duotone-900.ttf]
[html.kodesolution.com/2023/hoexr-html/fonts/fa-light-300.woff2]
[html.kodesolution.com/2023/hoexr-html/fonts/fa-light-300.woff]
[html.kodesolution.com/2023/hoexr-html/fonts/fa-light-300.ttf]
[html.kodesolution.com/2023/hoexr-html/fonts/fa-regular-400.woff2]
[html.kodesolution.com/2023/hoexr-html/fonts/fa-regular-400.woff]
[html.kodesolution.com/2023/hoexr-html/fonts/fa-regular-400.ttf]
[html.kodesolution.com/2023/hoexr-html/fonts/fa-solid-900.woff2]
[html.kodesolution.com/2023/hoexr-html/fonts/fa-solid-900.woff]
[html.kodesolution.com/2023/hoexr-html/fonts/fa-solid-900.ttf]
[html.kodesolution.com/2023/hoexr-html/fonts/fa-thin-100.woff2]
[html.kodesolution.com/2023/hoexr-html/fonts/fa-thin-100.woff]
[html.kodesolution.com/2023/hoexr-html/css/fontawesome.css]
[html.kodesolution.com/2023/hoexr-html/fonts/fa-thin-100.ttf]
[html.kodesolution.com/2023/hoexr-html/fonts/flaticon_hoteld79a.ttf]
[html.kodesolution.com/2023/hoexr-html/fonts/flaticon_hoteld79a.woff]
[html.kodesolution.com/2023/hoexr-html/fonts/flaticon_hoteld79a.woff2]
[html.kodesolution.com/2023/hoexr-html/fonts/flaticon_hoteld79a.eot]
[html.kodesolution.com/2023/hoexr-html/css/flaticon.css]
[html.kodesolution.com/2023/hoexr-html/css/tm-bs-mp.css]
[html.kodesolution.com/2023/hoexr-html/css/tm-utility-classes.css]
[html.kodesolution.com/2023/hoexr-html/images/icons/pattern-1.html]
[html.kodesolution.com/2023/hoexr-html/images/icons/footer-bg-1.html]
[html.kodesolution.com/2023/hoexr-html/images/icons/footer-bg-2.html]
[html.kodesolution.com/2023/hoexr-html/images/icons/footer-bg-3.html]
[html.kodesolution.com/2023/hoexr-html/images/icons/footer-bg-4.html]
[html.kodesolution.com/2023/hoexr-html/images/icons/footer-bg-5.html]
[html.kodesolution.com/2023/hoexr-html/images/icons/footer-bg-6.html]
[html.kodesolution.com/2023/hoexr-html/images/icons/footer-bg-7.html]
[html.kodesolution.com/2023/hoexr-html/images/icons/footer-bg-8.html]
[html.kodesolution.com/2023/hoexr-html/images/icons/footer-bg-9.html]
[html.kodesolution.com/2023/hoexr-html/images/icons/footer-bg-10.html]
[html.kodesolution.com/2023/hoexr-html/images/icons/footer-bg-11.html]
[html.kodesolution.com/2023/hoexr-html/images/icons/pattern-7.html]
[html.kodesolution.com/2023/hoexr-html/images/icons/pattern-3.html]
[html.kodesolution.com/2023/hoexr-html/images/icons/cat-1-bg.html]
[html.kodesolution.com/2023/hoexr-html/images/icons/cat-2-bg.html]
[html.kodesolution.com/2023/hoexr-html/images/icons/cat-3-bg.html]
[html.kodesolution.com/2023/hoexr-html/images/icons/cat-4-bg.html]
[html.kodesolution.com/2023/hoexr-html/images/icons/pattern-8.html]
[html.kodesolution.com/2023/hoexr-html/images/icons/shape-7.html]
[html.kodesolution.com/2023/hoexr-html/fonts/flaticon_hoteld79a.svg]
[html.kodesolution.com/2023/hoexr-html/images/banner/banner-2.jpg]
[html.kodesolution.com/2023/hoexr-html/images/resource/about2-1.jpg]
[html.kodesolution.com/2023/hoexr-html/images/resource/about2-2.jpg]
[html.kodesolution.com/2023/hoexr-html/images/resource/service2-1.jpg]
[html.kodesolution.com/2023/hoexr-html/images/resource/news2-1.jpg]
[html.kodesolution.com/2023/hoexr-html/images/resource/news-thumb.jpg]
[html.kodesolution.com/2023/hoexr-html/images/resource/client1-1.png]
[html.kodesolution.com/2023/hoexr-html/images/resource/client1-2.png]
[html.kodesolution.com/2023/hoexr-html/images/resource/client1-3.png]
[html.kodesolution.com/2023/hoexr-html/images/resource/client1-4.png]
[html.kodesolution.com/2023/hoexr-html/images/resource/client1-5.png]
[html.kodesolution.com/2023/hoexr-html/index-2.html]
[html.kodesolution.com/2023/hoexr-html/images/banner/banner-3.jpg]
[html.kodesolution.com/2023/hoexr-html/page-services.html]
[html.kodesolution.com/2023/hoexr-html/images/resource/about3-1.jpg]
[html.kodesolution.com/2023/hoexr-html/images/resource/about3-2.jpg]
[html.kodesolution.com/2023/hoexr-html/images/resource/service3-1.jpg]
[html.kodesolution.com/2023/hoexr-html/images/resource/service3-2.jpg]
[html.kodesolution.com/2023/hoexr-html/images/resource/service3-3.jpg]
[html.kodesolution.com/2023/hoexr-html/images/resource/service3-4.jpg]
[html.kodesolution.com/2023/hoexr-html/images/icons/p-icon-man.png]
[html.kodesolution.com/2023/hoexr-html/images/resource/pricing3-1.jpg]
[html.kodesolution.com/2023/hoexr-html/images/resource/pricing3-2.jpg]
[html.kodesolution.com/2023/hoexr-html/images/background/video-bg.jpg]
[html.kodesolution.com/2023/hoexr-html/images/resource/testi2-thumb1.png]
[html.kodesolution.com/2023/hoexr-html/images/resource/testi2-thumb2.png]
[html.kodesolution.com/2023/hoexr-html/images/resource/testi2-thumb3.png]
[html.kodesolution.com/2023/hoexr-html/images/resource/call2-1.jpg]
[html.kodesolution.com/2023/hoexr-html/images/resource/call2-2.jpg]
[html.kodesolution.com/2023/hoexr-html/index-3.html]
[html.kodesolution.com/2023/hoexr-html/images/resource/feature3-1.jpg]
[html.kodesolution.com/2023/hoexr-html/images/resource/feature3-2.jpg]
[html.kodesolution.com/2023/hoexr-html/images/resource/feature3-3.jpg]
[html.kodesolution.com/2023/hoexr-html/images/resource/about4-1.jpg]
[html.kodesolution.com/2023/hoexr-html/images/resource/about4-2.jpg]
[html.kodesolution.com/2023/hoexr-html/images/resource/pricing4-1.jpg]
[html.kodesolution.com/2023/hoexr-html/images/resource/pricing4-2.jpg]
[html.kodesolution.com/2023/hoexr-html/images/resource/testi2-thumb4.png]
[html.kodesolution.com/2023/hoexr-html/images/resource/testimonials-side-bg.jpg]
[html.kodesolution.com/2023/hoexr-html/images/resource/news4-1.jpg]
[html.kodesolution.com/2023/hoexr-html/images/resource/news4-2.jpg]
[html.kodesolution.com/2023/hoexr-html/images/resource/news4-3.jpg]
[html.kodesolution.com/2023/hoexr-html/index-4.html]
[html.kodesolution.com/2023/hoexr-html/images/banner/banner-5.jpg]
[html.kodesolution.com/2023/hoexr-html/images/resource/about5-1.jpg]
[html.kodesolution.com/2023/hoexr-html/images/icons/bg-shape-2.png]
[html.kodesolution.com/2023/hoexr-html/images/resource/gallery-1.jpg]
[html.kodesolution.com/2023/hoexr-html/images/resource/gallery-2.jpg]
[html.kodesolution.com/2023/hoexr-html/images/resource/gallery-3.jpg]
[html.kodesolution.com/2023/hoexr-html/images/resource/gallery-4.jpg]
[html.kodesolution.com/2023/hoexr-html/images/resource/gallery-5.jpg]
[html.kodesolution.com/2023/hoexr-html/images/resource/gallery-6.jpg]
[html.kodesolution.com/2023/hoexr-html/images/resource/about5-2.jpg]
[html.kodesolution.com/2023/hoexr-html/images/resource/servicew-1.jpg]
[html.kodesolution.com/2023/hoexr-html/images/resource/servicew-2.jpg]
[html.kodesolution.com/2023/hoexr-html/images/resource/servicew-3.jpg]
[html.kodesolution.com/2023/hoexr-html/index-5.html]
[html.kodesolution.com/2023/hoexr-html/index-2-single.html]
[html.kodesolution.com/2023/hoexr-html/index-3-single.html]
[html.kodesolution.com/2023/hoexr-html/index-4-single.html]
[html.kodesolution.com/2023/hoexr-html/index-5-single.html]
[html.kodesolution.com/2023/hoexr-html/css/style-dark.css]
[html.kodesolution.com/2023/hoexr-html/images/background/testi-bg-dark.jpg]
[html.kodesolution.com/2023/hoexr-html/index-1-dark.html]
[html.kodesolution.com/2023/hoexr-html/index-2-dark.html]
[html.kodesolution.com/2023/hoexr-html/index-3-dark.html]
[html.kodesolution.com/2023/hoexr-html/index-4-dark.html]
[html.kodesolution.com/2023/hoexr-html/index-5-dark.html]
[html.kodesolution.com/2023/hoexr-html/css/style-rtl.css]
[html.kodesolution.com/2023/hoexr-html/images/background/1-rtl.jpg]
[html.kodesolution.com/2023/hoexr-html/images/background/testi-bg-rtl.jpg]
[html.kodesolution.com/2023/hoexr-html/index-1-rtl.html]
[html.kodesolution.com/2023/hoexr-html/page-rooms.html]
[html.kodesolution.com/2023/hoexr-html/page-rooms-suite.html]
[html.kodesolution.com/2023/hoexr-html/page-faq.html]
[html.kodesolution.com/2023/hoexr-html/page-testimonial.html]
[html.kodesolution.com/2023/hoexr-html/images/resource/404.jpg]
[html.kodesolution.com/2023/hoexr-html/page-404.html]
[html.kodesolution.com/2023/hoexr-html/page-team.html]
[html.kodesolution.com/2023/hoexr-html/images/resource/products/1.jpg]
[html.kodesolution.com/2023/hoexr-html/images/resource/products/2.jpg]
[html.kodesolution.com/2023/hoexr-html/images/resource/products/3.jpg]
[html.kodesolution.com/2023/hoexr-html/images/resource/products/4.jpg]
[html.kodesolution.com/2023/hoexr-html/images/resource/products/5.jpg]
[html.kodesolution.com/2023/hoexr-html/images/resource/products/6.jpg]
[html.kodesolution.com/2023/hoexr-html/images/resource/products/7.jpg]
[html.kodesolution.com/2023/hoexr-html/images/resource/products/8.jpg]
[html.kodesolution.com/2023/hoexr-html/shop-products.html]
[html.kodesolution.com/2023/hoexr-html/shop-details.html]
[html.kodesolution.com/2023/hoexr-html/images/resource/products/thumb-1.jpg]
[html.kodesolution.com/2023/hoexr-html/images/resource/products/thumb-2.jpg]
[html.kodesolution.com/2023/hoexr-html/images/resource/products/thumb-3.jpg]
[html.kodesolution.com/2023/hoexr-html/shop-products-sidebar.html]
[html.kodesolution.com/2023/hoexr-html/images/resource/products/product-details.jpg]
[html.kodesolution.com/2023/hoexr-html/images/resource/products/product-details2.jpg]
[html.kodesolution.com/2023/hoexr-html/images/resource/products/product-details3.jpg]
[html.kodesolution.com/2023/hoexr-html/images/resource/testi-thumb1-1.png]
[html.kodesolution.com/2023/hoexr-html/images/resource/testi-thumb1-2.png]
[html.kodesolution.com/2023/hoexr-html/shop-product-details.html]
[html.kodesolution.com/2023/hoexr-html/shop-cart.html]
[html.kodesolution.com/2023/hoexr-html/shop-checkout.html]
[html.kodesolution.com/2023/hoexr-html/images/resource/service4-1.jpg]
[html.kodesolution.com/2023/hoexr-html/images/resource/service4-2.jpg]
[html.kodesolution.com/2023/hoexr-html/images/resource/service4-3.jpg]
[html.kodesolution.com/2023/hoexr-html/images/resource/team2-1.png]
[html.kodesolution.com/2023/hoexr-html/images/resource/team2-2.png]
[html.kodesolution.com/2023/hoexr-html/images/resource/team2-3.png]
[html.kodesolution.com/2023/hoexr-html/images/resource/room-service-1.jpg]
[html.kodesolution.com/2023/hoexr-html/images/resource/room-service-2.jpg]
[html.kodesolution.com/2023/hoexr-html/images/resource/room-service-3.jpg]
[html.kodesolution.com/2023/hoexr-html/elements.html]
[html.kodesolution.com/2023/hoexr-html/news-grid.html]
[html.kodesolution.com/2023/hoexr-html/images/resource/service-details.html]
[html.kodesolution.com/2023/hoexr-html/images/resource/service-d1.html]
[html.kodesolution.com/2023/hoexr-html/images/resource/service-d2.html]
[html.kodesolution.com/2023/hoexr-html/js/select2.min.html]
[html.kodesolution.com/2023/hoexr-html/css/owl.video.play.html]
[html.kodesolution.com/2023/hoexr-html/fonts/linearicons-free8429.svg]
[html.kodesolution.com/2023/hoexr-html/fonts/flaticon_hoteld79a.svg]
[html.kodesolution.com/2023/hoexr-html/page-services.html]
[html.kodesolution.com/2023/hoexr-html/images/resource/pattern-4-dark.jpg]
[html.kodesolution.com/2023/hoexr-html/css/style-dark.css]
[html.kodesolution.com/2023/hoexr-html/css/style-rtl.css]
[html.kodesolution.com/2023/hoexr-html/shop-details.html]
